案例练习,准备:
            rht-vmctl  reset  classroom
            rht-vmctl  reset  server
	        rht-vmctl  reset  desktop
######################################################

案例1：实现的防火墙配置
  1）修改虚拟机 server0防火墙配置，将默认区域修改为trusted
[root@server0 ~]# firewall-cmd --set-default-zone=trusted 
success
[root@server0 ~]# firewall-cmd --get-default-zone
trusted

  2）修改虚拟机 desktop0防火墙配置，将默认区域修改为trusted
[root@desktop0 ~]# firewall-cmd --set-default-zone=trusted
success
[root@desktop0 ~]# firewall-cmd --get-default-zone
trusted

案例2:配置nfs文件夹共享，防火墙默认区域设置为trusted
  在 server0 上发布共享文件夹
  1）搭建nfs共享，实现共享本机/public
[root@server0 ~]# mkdir /public
[root@server0 ~]# vim /etc/exports
/public *(ro)

  2）共享给所有人可以访问，并且具备只读权限
[root@server0 ~]# mkdir /public
[root@server0 ~]# vim /etc/exports
/public *(ro)
  在 desktop0 上访问共享文件夹
  1）访问 server0 上发布共享/public,
[root@desktop0 ~]# mkdir /mnt/nsd
[root@desktop0 ~]# mount 172.25.0.11:public /mnt/nsd/
[root@desktop0 ~]# df -h
172.25.0.11:/public   10G  3.0G  7.1G   30% /mnt/nsd

  2）实现开机自动挂载到/mnt/test
[root@desktop0 ~]# vim /etc/fastab
172.25.0.11:public /mnt/test/ nfs defaults,_netdev 0 0
[root@desktop0 ~]# mount -a
[root@desktop0 ~]# df -h

案例3:为虚拟机 server 配置以下虚拟Web主机
- 实现三个网站的部署
- 实现客户端访问server0.example.com网页内容为 卖女孩的小火柴
- 实现客户端访问www0.example.com网页内容为  奔跑吧骆驼
- 实现客户端访问webapp0.example.com网页内容为 20里春风不如你
root@server0 ~]# mkdir /var/www/xiao /var/www/ben /var/www/ni
root@server0 ~]# echo '<h1>奔跑吧骆驼' > /var/www/ben/index.html
[root@server0 ~]# echo '<h1>二十里春风不如你' > /var/www/ni/index.html
[root@server0 ~]# systemctl restart httpd

[root@desktop0 ~]# firefox server0.example.com

(process:32391): GLib-CRITICAL **: g_slice_set_config: assertion `sys_page_size == 0' failed
[root@desktop0 ~]# firefox www0.example.com

(process:32602): GLib-CRITICAL **: g_slice_set_config: assertion `sys_page_size == 0' failed
[root@desktop0 ~]# firefox webapp0.example.com

(process:32657): GLib-CRITICAL **: g_slice_set_config: assertion `sys_page_size == 0' failed
案例4:为虚拟机 server 使用自定Web根目录,设置SELinux为宽松模式
调整 Web 站点 http://server0.example.com 的网页目录，要求如下：
1）新建目录 /webroot，作为此站点新的网页目录

2）确保站点 http://server0.example.com  仍然可访问
[root@server0 ~]# mkdir /webroot
<Directory "/webroot">
    Require all granted
</Directory>
#
# Relax access to content within /var/www.
#
<Directory "/var/www">
    AllowOverride None
    # Allow open access:
    Require all granted
</Directory>



 


















